// Jest Snapshot v1, https://goo.gl/fbAQLP

exports[`FavoriteButton Component matches snapshot 1`] = `
<View
  accessibilityState={
    {
      "busy": undefined,
      "checked": undefined,
      "disabled": false,
      "expanded": undefined,
      "selected": undefined,
    }
  }
  accessibilityValue={
    {
      "max": undefined,
      "min": undefined,
      "now": undefined,
      "text": undefined,
    }
  }
  accessible={true}
  collapsable={false}
  focusable={true}
  onClick={[Function]}
  onResponderGrant={[Function]}
  onResponderMove={[Function]}
  onResponderRelease={[Function]}
  onResponderTerminate={[Function]}
  onResponderTerminationRequest={[Function]}
  onStartShouldSetResponder={[Function]}
  style={
    {
      "alignItems": "center",
      "backgroundColor": "#91C788",
      "borderRadius": 9,
      "justifyContent": "center",
      "marginTop": 27,
      "opacity": 1,
      "paddingVertical": 9,
      "width": "100%",
    }
  }
  testID="favorite-button"
>
  <Text
    style={
      [
        {
          "color": "#fff",
          "textTransform": undefined,
        },
        {
          "fontSize": 20,
          "fontWeight": "600",
          "lineHeight": 30,
        },
        undefined,
      ]
    }
  >
    Add to Favorites
  </Text>
</View>
`;
