// Jest Snapshot v1, https://goo.gl/fbAQLP

exports[`ReviewCard matches snapshot 1`] = `
[
  <View
    aria-label="Notifications (F8)"
    pointerEvents="box-none"
    role="region"
    style={
      {
        "bottom": 0,
        "flexDirection": "column",
        "left": 0,
        "maxWidth": "100%",
        "position": "absolute",
        "right": 0,
        "top": 0,
        "zIndex": 100000,
      }
    }
    tabIndex={-1}
  >
    <View
      focusable={false}
      pointerEvents="box-none"
      style={
        {
          "flexDirection": "column",
          "maxWidth": "100%",
          "position": "absolute",
        }
      }
    />
  </View>,
  <View
    style={
      {
        "backgroundColor": "white",
        "flexDirection": "column",
      }
    }
  >
    <View
      style={
        {
          "backgroundColor": "white",
          "flexDirection": "column",
          "gap": 12,
        }
      }
    >
      <View
        style={
          {
            "alignItems": "center",
            "backgroundColor": "white",
            "flexDirection": "row",
            "gap": 10,
          }
        }
      >
        <View
          style={
            {
              "backgroundColor": "red",
              "borderRadius": 56,
              "height": 56,
              "overflow": "hidden",
              "width": 56,
            }
          }
        >
          <ViewManagerAdapter_ExpoImage
            cachePolicy="disk"
            containerViewRef={"[React.ref]"}
            contentFit="cover"
            contentPosition={
              {
                "left": "50%",
                "top": "50%",
              }
            }
            height="100%"
            nativeViewRef={"[React.ref]"}
            onError={[Function]}
            onLoad={[Function]}
            onLoadEnd={[Function]}
            onLoadStart={[Function]}
            onProgress={[Function]}
            placeholder={
              [
                {
                  "height": 16,
                  "uri": "blurhash:/LDPzx.00%5B93GrBXnp0McR5X9NHn%23",
                  "width": 16,
                },
              ]
            }
            source={
              [
                {
                  "uri": "https://example.com/avatar.jpg",
                },
              ]
            }
            style={
              {
                "height": "100%",
                "width": "100%",
              }
            }
            transition={null}
            width="100%"
          />
          <View
            style={
              {
                "flexDirection": "column",
                "left": "50%",
                "position": "absolute",
                "top": "50%",
                "transform": [
                  {
                    "translateX": -12,
                  },
                  {
                    "translateY": -12,
                  },
                ],
              }
            }
          >
            <ActivityIndicator
              color="#1c64f2"
              size="small"
            />
          </View>
        </View>
        <View
          style={
            {
              "backgroundColor": "white",
              "flexDirection": "column",
              "gap": 8,
            }
          }
        >
          <Text
            style={
              {
                "color": "#1c2a3a",
                "fontFamily": "Inter_700Bold",
                "fontSize": 18,
                "lineHeight": 27,
              }
            }
            suppressHighlighting={true}
          >
            John Doe
          </Text>
          <View
            style={
              {
                "alignItems": "center",
                "flexDirection": "row",
                "gap": 8,
              }
            }
            testID="stars"
          >
            <Text
              style={
                {
                  "color": "#1c2a3a",
                  "fontFamily": "Inter_600SemiBold",
                  "fontSize": 12,
                  "lineHeight": 18,
                }
              }
              suppressHighlighting={true}
              testID="stars-text"
            >
              4.5
            </Text>
            <View
              style={[]}
            >
              <RNSVGSvgView
                align="xMidYMid"
                bbHeight={12}
                bbWidth={12}
                fill="none"
                focusable={false}
                height={12}
                meetOrSlice={0}
                minX={0}
                minY={0}
                style={
                  [
                    {
                      "backgroundColor": "transparent",
                      "borderWidth": 0,
                    },
                    {
                      "flex": 0,
                      "height": 12,
                      "width": 12,
                    },
                  ]
                }
                testID="star-0"
                vbHeight={21}
                vbWidth={21}
                width={12}
              >
                <RNSVGGroup
                  fill={null}
                  propList={
                    [
                      "fill",
                    ]
                  }
                >
                  <RNSVGPath
                    clipRule={0}
                    d="M10.6136 0.818184C9.9994 0.849607 9.39008 1.33065 8.91935 2.25989L7.1322 5.83418C6.89138 6.3285 6.24497 6.81014 5.69995 6.89887L2.46787 7.43121C0.401877 7.7861 -0.0797662 9.28173 1.40319 10.7647L3.92548 13.287C4.34374 13.7052 4.58457 14.5291 4.47049 15.1375L3.74803 18.2555C3.17766 20.7144 4.49584 21.665 6.66324 20.3849L9.69252 18.585C9.94502 18.4324 10.2764 18.3504 10.6136 18.3392V0.818184Z"
                    fill={
                      {
                        "payload": 4294956800,
                        "type": 0,
                      }
                    }
                    fillRule={0}
                    propList={
                      [
                        "fill",
                        "fillRule",
                      ]
                    }
                  />
                  <RNSVGPath
                    clipRule={0}
                    d="M10.6133 18.3409C11.0039 18.328 11.4023 18.4099 11.6948 18.5868L14.7241 20.3866C16.8915 21.6794 18.2096 20.7161 17.6393 18.2572L16.9168 15.1392C16.7774 14.5435 17.0182 13.7196 17.4365 13.3014L19.9588 10.7791C21.4417 9.28345 20.9601 7.78782 18.8941 7.4456L15.662 6.91326C15.117 6.81186 14.4706 6.34289 14.2297 5.84857L12.4426 2.27428C11.9374 1.27039 11.2725 0.786183 10.6133 0.819899V18.3409Z"
                    fill={
                      {
                        "payload": 4294956800,
                        "type": 0,
                      }
                    }
                    fillRule={0}
                    propList={
                      [
                        "fill",
                        "fillRule",
                      ]
                    }
                  />
                </RNSVGGroup>
              </RNSVGSvgView>
              <RNSVGSvgView
                align="xMidYMid"
                bbHeight={12}
                bbWidth={12}
                fill="none"
                focusable={false}
                height={12}
                meetOrSlice={0}
                minX={0}
                minY={0}
                style={
                  [
                    {
                      "backgroundColor": "transparent",
                      "borderWidth": 0,
                    },
                    {
                      "flex": 0,
                      "height": 12,
                      "width": 12,
                    },
                  ]
                }
                testID="star-1"
                vbHeight={21}
                vbWidth={21}
                width={12}
              >
                <RNSVGGroup
                  fill={null}
                  propList={
                    [
                      "fill",
                    ]
                  }
                >
                  <RNSVGPath
                    clipRule={0}
                    d="M10.6136 0.818184C9.9994 0.849607 9.39008 1.33065 8.91935 2.25989L7.1322 5.83418C6.89138 6.3285 6.24497 6.81014 5.69995 6.89887L2.46787 7.43121C0.401877 7.7861 -0.0797662 9.28173 1.40319 10.7647L3.92548 13.287C4.34374 13.7052 4.58457 14.5291 4.47049 15.1375L3.74803 18.2555C3.17766 20.7144 4.49584 21.665 6.66324 20.3849L9.69252 18.585C9.94502 18.4324 10.2764 18.3504 10.6136 18.3392V0.818184Z"
                    fill={
                      {
                        "payload": 4294956800,
                        "type": 0,
                      }
                    }
                    fillRule={0}
                    propList={
                      [
                        "fill",
                        "fillRule",
                      ]
                    }
                  />
                  <RNSVGPath
                    clipRule={0}
                    d="M10.6133 18.3409C11.0039 18.328 11.4023 18.4099 11.6948 18.5868L14.7241 20.3866C16.8915 21.6794 18.2096 20.7161 17.6393 18.2572L16.9168 15.1392C16.7774 14.5435 17.0182 13.7196 17.4365 13.3014L19.9588 10.7791C21.4417 9.28345 20.9601 7.78782 18.8941 7.4456L15.662 6.91326C15.117 6.81186 14.4706 6.34289 14.2297 5.84857L12.4426 2.27428C11.9374 1.27039 11.2725 0.786183 10.6133 0.819899V18.3409Z"
                    fill={
                      {
                        "payload": 4294956800,
                        "type": 0,
                      }
                    }
                    fillRule={0}
                    propList={
                      [
                        "fill",
                        "fillRule",
                      ]
                    }
                  />
                </RNSVGGroup>
              </RNSVGSvgView>
              <RNSVGSvgView
                align="xMidYMid"
                bbHeight={12}
                bbWidth={12}
                fill="none"
                focusable={false}
                height={12}
                meetOrSlice={0}
                minX={0}
                minY={0}
                style={
                  [
                    {
                      "backgroundColor": "transparent",
                      "borderWidth": 0,
                    },
                    {
                      "flex": 0,
                      "height": 12,
                      "width": 12,
                    },
                  ]
                }
                testID="star-2"
                vbHeight={21}
                vbWidth={21}
                width={12}
              >
                <RNSVGGroup
                  fill={null}
                  propList={
                    [
                      "fill",
                    ]
                  }
                >
                  <RNSVGPath
                    clipRule={0}
                    d="M10.6136 0.818184C9.9994 0.849607 9.39008 1.33065 8.91935 2.25989L7.1322 5.83418C6.89138 6.3285 6.24497 6.81014 5.69995 6.89887L2.46787 7.43121C0.401877 7.7861 -0.0797662 9.28173 1.40319 10.7647L3.92548 13.287C4.34374 13.7052 4.58457 14.5291 4.47049 15.1375L3.74803 18.2555C3.17766 20.7144 4.49584 21.665 6.66324 20.3849L9.69252 18.585C9.94502 18.4324 10.2764 18.3504 10.6136 18.3392V0.818184Z"
                    fill={
                      {
                        "payload": 4294956800,
                        "type": 0,
                      }
                    }
                    fillRule={0}
                    propList={
                      [
                        "fill",
                        "fillRule",
                      ]
                    }
                  />
                  <RNSVGPath
                    clipRule={0}
                    d="M10.6133 18.3409C11.0039 18.328 11.4023 18.4099 11.6948 18.5868L14.7241 20.3866C16.8915 21.6794 18.2096 20.7161 17.6393 18.2572L16.9168 15.1392C16.7774 14.5435 17.0182 13.7196 17.4365 13.3014L19.9588 10.7791C21.4417 9.28345 20.9601 7.78782 18.8941 7.4456L15.662 6.91326C15.117 6.81186 14.4706 6.34289 14.2297 5.84857L12.4426 2.27428C11.9374 1.27039 11.2725 0.786183 10.6133 0.819899V18.3409Z"
                    fill={
                      {
                        "payload": 4294956800,
                        "type": 0,
                      }
                    }
                    fillRule={0}
                    propList={
                      [
                        "fill",
                        "fillRule",
                      ]
                    }
                  />
                </RNSVGGroup>
              </RNSVGSvgView>
              <RNSVGSvgView
                align="xMidYMid"
                bbHeight={12}
                bbWidth={12}
                fill="none"
                focusable={false}
                height={12}
                meetOrSlice={0}
                minX={0}
                minY={0}
                style={
                  [
                    {
                      "backgroundColor": "transparent",
                      "borderWidth": 0,
                    },
                    {
                      "flex": 0,
                      "height": 12,
                      "width": 12,
                    },
                  ]
                }
                testID="star-3"
                vbHeight={21}
                vbWidth={21}
                width={12}
              >
                <RNSVGGroup
                  fill={null}
                  propList={
                    [
                      "fill",
                    ]
                  }
                >
                  <RNSVGPath
                    clipRule={0}
                    d="M10.6136 0.818184C9.9994 0.849607 9.39008 1.33065 8.91935 2.25989L7.1322 5.83418C6.89138 6.3285 6.24497 6.81014 5.69995 6.89887L2.46787 7.43121C0.401877 7.7861 -0.0797662 9.28173 1.40319 10.7647L3.92548 13.287C4.34374 13.7052 4.58457 14.5291 4.47049 15.1375L3.74803 18.2555C3.17766 20.7144 4.49584 21.665 6.66324 20.3849L9.69252 18.585C9.94502 18.4324 10.2764 18.3504 10.6136 18.3392V0.818184Z"
                    fill={
                      {
                        "payload": 4294956800,
                        "type": 0,
                      }
                    }
                    fillRule={0}
                    propList={
                      [
                        "fill",
                        "fillRule",
                      ]
                    }
                  />
                  <RNSVGPath
                    clipRule={0}
                    d="M10.6133 18.3409C11.0039 18.328 11.4023 18.4099 11.6948 18.5868L14.7241 20.3866C16.8915 21.6794 18.2096 20.7161 17.6393 18.2572L16.9168 15.1392C16.7774 14.5435 17.0182 13.7196 17.4365 13.3014L19.9588 10.7791C21.4417 9.28345 20.9601 7.78782 18.8941 7.4456L15.662 6.91326C15.117 6.81186 14.4706 6.34289 14.2297 5.84857L12.4426 2.27428C11.9374 1.27039 11.2725 0.786183 10.6133 0.819899V18.3409Z"
                    fill={
                      {
                        "payload": 4294956800,
                        "type": 0,
                      }
                    }
                    fillRule={0}
                    propList={
                      [
                        "fill",
                        "fillRule",
                      ]
                    }
                  />
                </RNSVGGroup>
              </RNSVGSvgView>
            </View>
          </View>
        </View>
      </View>
      <Text
        style={
          {
            "color": "#6b7280",
            "fontFamily": "Inter_400Regular",
            "fontSize": 14,
            "lineHeight": 21,
            "marginTop": 5,
          }
        }
        suppressHighlighting={true}
      >
        Great experience!
      </Text>
    </View>
  </View>,
]
`;
