// Jest Snapshot v1, https://goo.gl/fbAQLP

exports[`MyButton Text renders correctly on MyButton 1`] = `
<View
  focusVisibleStyle={{}}
  focusable={true}
  onBlur={[Function]}
  onClick={[Function]}
  onFocus={[Function]}
  onResponderGrant={[Function]}
  onResponderMove={[Function]}
  onResponderRelease={[Function]}
  onResponderTerminate={[Function]}
  onResponderTerminationRequest={[Function]}
  onStartShouldSetResponder={[Function]}
  role="button"
  style={
    {
      "alignItems": "center",
      "backgroundColor": "#1c2a3a",
      "borderBottomColor": "transparent",
      "borderBottomLeftRadius": 60,
      "borderBottomRightRadius": 60,
      "borderBottomWidth": 1,
      "borderLeftColor": "transparent",
      "borderLeftWidth": 1,
      "borderRightColor": "transparent",
      "borderRightWidth": 1,
      "borderStyle": "solid",
      "borderTopColor": "transparent",
      "borderTopLeftRadius": 60,
      "borderTopRightRadius": 60,
      "borderTopWidth": 1,
      "color": "#ffffff",
      "flexDirection": "row",
      "flexWrap": "nowrap",
      "fontWeight": "500",
      "height": 48,
      "justifyContent": "center",
      "paddingBottom": 12,
      "paddingLeft": 20,
      "paddingRight": 20,
      "paddingTop": 12,
    }
  }
>
  <Text
    lineBreakMode="clip"
    numberOfLines={1}
    style={
      {
        "color": "#ffffff",
        "flexGrow": 0,
        "flexShrink": 1,
        "fontFamily": "Inter_500Medium",
        "fontSize": 16,
        "lineHeight": 24,
        "userSelect": "none",
      }
    }
    suppressHighlighting={true}
  >
    My Button!
  </Text>
</View>
`;
