// Jest Snapshot v1, https://goo.gl/fbAQLP

exports[`LogoutModal should match snapshot 1`] = `
[
  <View
    aria-label="Notifications (F8)"
    pointerEvents="box-none"
    role="region"
    style={
      {
        "bottom": 0,
        "flexDirection": "column",
        "left": 0,
        "maxWidth": "100%",
        "position": "absolute",
        "right": 0,
        "top": 0,
        "zIndex": 100000,
      }
    }
    tabIndex={-1}
  >
    <View
      focusable={false}
      pointerEvents="box-none"
      style={
        {
          "flexDirection": "column",
          "maxWidth": "100%",
          "position": "absolute",
        }
      }
    />
  </View>,
  <View
    pointerEvents="box-none"
    style={
      {
        "bottom": 0,
        "flexDirection": "column",
        "left": 0,
        "maxWidth": "100%",
        "position": "absolute",
        "right": 0,
        "top": 0,
        "zIndex": 105001,
      }
    }
  >
    <View
      collapsable={false}
      onBlur={[Function]}
      onClick={[Function]}
      onFocus={[Function]}
      onResponderGrant={[Function]}
      onResponderMove={[Function]}
      onResponderRelease={[Function]}
      onResponderTerminate={[Function]}
      onResponderTerminationRequest={[Function]}
      onStartShouldSetResponder={[Function]}
      pointerEvents="auto"
      style={
        {
          "backgroundColor": "rgba(0, 0, 0, 0.4)",
          "bottom": 0,
          "flexDirection": "column",
          "left": 0,
          "opacity": 0,
          "position": "absolute",
          "right": 0,
          "top": 0,
          "transform": [],
          "zIndex": 99999,
        }
      }
      testID="sheet-overlay"
    />
    <View
      onLayout={[Function]}
      style={
        {
          "bottom": 0,
          "left": 0,
          "opacity": 0,
          "pointerEvents": "none",
          "position": "absolute",
          "right": 0,
          "top": 0,
        }
      }
    />
    <View
      animation={null}
      collapsable={false}
      disableClassName={true}
      onLayout={[Function]}
      style={
        [
          {
            "height": undefined,
            "minHeight": undefined,
            "opacity": 1,
            "position": "absolute",
            "width": "100%",
            "zIndex": 100000,
          },
          {
            "transform": [
              {
                "translateY": 10000.1,
              },
            ],
          },
        ]
      }
    >
      <View
        accessibilityHint="Dialog to confirm logging out of your account"
        aria-label="Logout confirmation"
        pointerEvents="auto"
        role="dialog"
        style={
          {
            "backgroundColor": "hsla(0, 0%, 100%, 1)",
            "borderTopLeftRadius": 34,
            "borderTopRightRadius": 34,
            "flex": 0,
            "flexDirection": "column",
            "gap": 24,
            "height": 200,
            "maxHeight": "100%",
            "overflow": "hidden",
            "paddingBottom": 24,
            "paddingLeft": 24,
            "paddingRight": 24,
            "paddingTop": 24,
            "width": "100%",
          }
        }
        testID="sheet-modal"
      >
        <RCTScrollView
          onMoveShouldSetResponder={[Function]}
          onResponderRelease={[Function]}
          onScroll={[Function]}
          onStartShouldSetResponder={[Function]}
          scrollEnabled={true}
          scrollEventThrottle={8}
          style={
            {
              "flex": 1,
            }
          }
        >
          <View>
            <View
              style={
                {
                  "backgroundColor": "white",
                  "flexDirection": "column",
                  "width": "100%",
                }
              }
            >
              <Text
                aria-label="Logout"
                style={
                  {
                    "color": "#1c2a3a",
                    "fontFamily": "Inter_700Bold",
                    "fontSize": 20,
                    "lineHeight": 30,
                    "textAlign": "center",
                  }
                }
                suppressHighlighting={true}
              >
                Logout
              </Text>
              <View
                style={[]}
              />
              <Text
                aria-label="Are you sure you want to log out?"
                style={
                  {
                    "color": "#6b7280",
                    "fontFamily": "Inter_600SemiBold",
                    "fontSize": 16,
                    "lineHeight": 24,
                    "textAlign": "center",
                  }
                }
                suppressHighlighting={true}
              >
                Are you sure you want to log out?
              </Text>
            </View>
            <View
              style={
                {
                  "backgroundColor": "white",
                  "flexDirection": "row",
                  "gap": 16,
                  "paddingTop": 16,
                }
              }
            >
              <View
                accessibilityHint="Cancels the logout action and closes the dialog"
                aria-label="Cancel logout"
                focusVisibleStyle={{}}
                focusable={true}
                onBlur={[Function]}
                onClick={[Function]}
                onFocus={[Function]}
                onResponderGrant={[Function]}
                onResponderMove={[Function]}
                onResponderRelease={[Function]}
                onResponderTerminate={[Function]}
                onResponderTerminationRequest={[Function]}
                onStartShouldSetResponder={[Function]}
                role="button"
                style={
                  {
                    "alignItems": "center",
                    "backgroundColor": "#e5e7eb",
                    "borderBottomColor": "transparent",
                    "borderBottomLeftRadius": 60,
                    "borderBottomRightRadius": 60,
                    "borderBottomWidth": 1,
                    "borderLeftColor": "transparent",
                    "borderLeftWidth": 1,
                    "borderRightColor": "transparent",
                    "borderRightWidth": 1,
                    "borderStyle": "solid",
                    "borderTopColor": "transparent",
                    "borderTopLeftRadius": 60,
                    "borderTopRightRadius": 60,
                    "borderTopWidth": 1,
                    "color": "#1c2a3a",
                    "flex": 1,
                    "flexDirection": "row",
                    "flexWrap": "nowrap",
                    "fontWeight": "700",
                    "height": 48,
                    "justifyContent": "center",
                    "opacity": 1,
                    "paddingBottom": 12,
                    "paddingLeft": 20,
                    "paddingRight": 20,
                    "paddingTop": 12,
                  }
                }
              >
                <Text
                  lineBreakMode="clip"
                  numberOfLines={1}
                  style={
                    {
                      "color": "#1c2a3a",
                      "flexGrow": 0,
                      "flexShrink": 1,
                      "fontFamily": "Inter_700Bold",
                      "fontSize": 14,
                      "lineHeight": 21,
                      "userSelect": "none",
                    }
                  }
                  suppressHighlighting={true}
                >
                  Cancel
                </Text>
              </View>
              <View
                accessibilityHint="Logs out of your account and closes the dialog"
                aria-label="Confirm logout"
                focusVisibleStyle={{}}
                focusable={true}
                onBlur={[Function]}
                onClick={[Function]}
                onFocus={[Function]}
                onResponderGrant={[Function]}
                onResponderMove={[Function]}
                onResponderRelease={[Function]}
                onResponderTerminate={[Function]}
                onResponderTerminationRequest={[Function]}
                onStartShouldSetResponder={[Function]}
                role="button"
                style={
                  {
                    "alignItems": "center",
                    "backgroundColor": "#1c2a3a",
                    "borderBottomColor": "transparent",
                    "borderBottomLeftRadius": 60,
                    "borderBottomRightRadius": 60,
                    "borderBottomWidth": 1,
                    "borderLeftColor": "transparent",
                    "borderLeftWidth": 1,
                    "borderRightColor": "transparent",
                    "borderRightWidth": 1,
                    "borderStyle": "solid",
                    "borderTopColor": "transparent",
                    "borderTopLeftRadius": 60,
                    "borderTopRightRadius": 60,
                    "borderTopWidth": 1,
                    "color": "#ffffff",
                    "flex": 1,
                    "flexDirection": "row",
                    "flexWrap": "nowrap",
                    "fontWeight": "700",
                    "height": 48,
                    "justifyContent": "center",
                    "opacity": 1,
                    "paddingBottom": 12,
                    "paddingLeft": 20,
                    "paddingRight": 20,
                    "paddingTop": 12,
                  }
                }
              >
                <Text
                  lineBreakMode="clip"
                  numberOfLines={1}
                  style={
                    {
                      "color": "#ffffff",
                      "flexGrow": 0,
                      "flexShrink": 1,
                      "fontFamily": "Inter_700Bold",
                      "fontSize": 14,
                      "lineHeight": 21,
                      "userSelect": "none",
                    }
                  }
                  suppressHighlighting={true}
                >
                  Yes, Logout
                </Text>
              </View>
            </View>
          </View>
        </RCTScrollView>
      </View>
      <View
        accessibilityHint="Dialog to confirm logging out of your account"
        aria-label="Logout confirmation"
        role="dialog"
        style={
          {
            "backgroundColor": "hsla(0, 0%, 100%, 1)",
            "borderBottomLeftRadius": 0,
            "borderBottomRightRadius": 0,
            "borderBottomWidth": 0,
            "borderLeftWidth": 0,
            "borderRightWidth": 0,
            "borderStyle": "solid",
            "borderTopLeftRadius": 0,
            "borderTopRightRadius": 0,
            "borderTopWidth": 0,
            "bottom": "-100%",
            "flex": 1,
            "flexDirection": "column",
            "gap": 24,
            "height": 0,
            "left": 0,
            "maxHeight": "100%",
            "overflow": "hidden",
            "paddingBottom": 24,
            "paddingLeft": 24,
            "paddingRight": 24,
            "paddingTop": 24,
            "position": "absolute",
            "right": 0,
            "shadowColor": undefined,
            "shadowOffset": {
              "height": 0,
              "width": 0,
            },
            "shadowOpacity": 0,
            "shadowRadius": 0,
            "width": "100%",
            "zIndex": -1,
          }
        }
        testID="sheet-modal"
      />
    </View>
  </View>,
]
`;
