// Jest Snapshot v1, https://goo.gl/fbAQLP

exports[`Article Component matches snapshot 1`] = `
<ViewManagerAdapter_ExpoLinearGradient
  colors={
    [
      4289984168,
      4293656563,
    ]
  }
  endPoint={
    [
      1,
      1,
    ]
  }
  locations={
    [
      0,
      0.5,
    ]
  }
  startPoint={
    [
      0,
      0,
    ]
  }
  style={
    {
      "borderRadius": 32,
      "height": 266.8,
      "justifyContent": "space-between",
      "minHeight": 170,
      "minWidth": 320,
      "overflow": "hidden",
      "paddingRight": 0,
      "position": "relative",
      "resizeMode": "contain",
      "width": 637.5,
    }
  }
>
  <ViewManagerAdapter_ExpoImage
    bottom={0}
    containerViewRef={"[React.ref]"}
    contentFit="contain"
    contentPosition={
      {
        "left": "50%",
        "top": "50%",
      }
    }
    height="80%"
    minWidth={160}
    nativeViewRef={"[React.ref]"}
    onError={[Function]}
    onLoad={[Function]}
    onLoadStart={[Function]}
    onProgress={[Function]}
    placeholder={[]}
    position="absolute"
    right="-32%"
    source={
      [
        {
          "uri": "https://res.cloudinary.com/dn5vw6fjp/image/upload/v1740114016/24d2e37a7dcbf108d35e8be410c96a58_uifiia.png",
        },
      ]
    }
    style={
      {
        "bottom": 0,
        "height": "80%",
        "minWidth": 160,
        "position": "absolute",
        "right": "-32%",
        "width": "100%",
      }
    }
    transition={
      {
        "duration": 1000,
      }
    }
    width="100%"
  />
  <View
    style={
      {
        "alignItems": "flex-start",
        "color": "#330600",
        "gap": 4,
        "maxWidth": "60%",
        "padding": 32,
      }
    }
  >
    <Text
      style={
        {
          "color": "#27ae60",
          "fontFamily": "Signika",
          "fontSize": 10,
          "fontWeight": "600",
          "letterSpacing": 0,
          "lineHeight": 14,
          "textTransform": undefined,
        }
      }
    >
      Article
    </Text>
    <Text
      style={
        {
          "color": "#330600",
          "fontFamily": "Signika",
          "fontSize": 17,
          "fontWeight": "600",
          "letterSpacing": 0,
          "lineHeight": 24,
          "textTransform": undefined,
        }
      }
    >
      The pros and cons of vegetable
    </Text>
    <View
      accessibilityRole="button"
      accessibilityState={
        {
          "busy": undefined,
          "checked": undefined,
          "disabled": false,
          "expanded": undefined,
          "selected": undefined,
        }
      }
      accessibilityValue={
        {
          "max": undefined,
          "min": undefined,
          "now": undefined,
          "text": undefined,
        }
      }
      accessible={true}
      collapsable={false}
      focusable={true}
      onBlur={[Function]}
      onClick={[Function]}
      onFocus={[Function]}
      onResponderGrant={[Function]}
      onResponderMove={[Function]}
      onResponderRelease={[Function]}
      onResponderTerminate={[Function]}
      onResponderTerminationRequest={[Function]}
      onStartShouldSetResponder={[Function]}
      style={
        [
          {
            "alignItems": "center",
            "borderRadius": 8,
            "justifyContent": "center",
            "paddingHorizontal": 16,
            "paddingVertical": 6,
          },
          {
            "backgroundColor": "#91c788",
          },
          {
            "backgroundColor": "#27ae60",
            "opacity": 1,
            "width": 104,
          },
          false,
          {
            "alignItems": "center",
            "flexDirection": "row",
            "gap": 4,
            "marginTop": 4,
          },
        ]
      }
    >
      <Text
        style={
          {
            "color": "#fff",
            "fontFamily": "Signika",
            "fontSize": 12,
            "fontWeight": "600",
            "letterSpacing": 0,
            "lineHeight": 20,
            "textTransform": undefined,
          }
        }
      >
        Read now
      </Text>
      <ViewManagerAdapter_ExpoImage
        containerViewRef={"[React.ref]"}
        contentFit="cover"
        contentPosition={
          {
            "left": "50%",
            "top": "50%",
          }
        }
        height={12}
        nativeViewRef={"[React.ref]"}
        onError={[Function]}
        onLoad={[Function]}
        onLoadStart={[Function]}
        onProgress={[Function]}
        placeholder={[]}
        source={
          [
            {
              "testUri": "../../../assets/icons/arrow-right-bold.png",
            },
          ]
        }
        style={
          {
            "height": 12,
            "width": 12,
          }
        }
        transition={null}
        width={12}
      />
    </View>
  </View>
</ViewManagerAdapter_ExpoLinearGradient>
`;
